
[32m2025-10-09 22:30:09.785[0m | [1mINFO    [0m | [36mrunner.workflow_runner[0m:[36mexecute_workflow[0m:[36m139[0m - [1mæ‰§è¡ŒèŠ‚ç‚¹: é•¿æ–‡æœ¬è¾“å…¥ 1[0m
[32m2025-10-09 22:30:10.377[0m | [33m[1mWARNING [0m | [36mrunner.component_executor[0m:[36m_run_subprocess[0m:[36m173[0m - [33m[1må­è¿›ç¨‹ stderr:
[32m2025-10-09 22:30:10.331[0m | [32m[1mSUCCESS [0m | [36m__main__[0m:[36msuccess[0m:[36m27[0m - [32m[1mæ‰§è¡Œå®Œæˆ[0m
[0m
[32m2025-10-09 22:30:10.384[0m | [1mINFO    [0m | [36mrunner.workflow_runner[0m:[36mexecute_workflow[0m:[36m139[0m - [1mæ‰§è¡ŒèŠ‚ç‚¹: JSONæ–‡æœ¬åŒ…è£…[0m
[32m2025-10-09 22:30:11.057[0m | [33m[1mWARNING [0m | [36mrunner.component_executor[0m:[36m_run_subprocess[0m:[36m173[0m - [33m[1må­è¿›ç¨‹ stderr:
[32m2025-10-09 22:30:11.014[0m | [32m[1mSUCCESS [0m | [36m__main__[0m:[36msuccess[0m:[36m27[0m - [32m[1mæ‰§è¡Œå®Œæˆ[0m
[0m
[32m2025-10-09 22:30:11.063[0m | [1mINFO    [0m | [36mrunner.workflow_runner[0m:[36mexecute_workflow[0m:[36m139[0m - [1mæ‰§è¡ŒèŠ‚ç‚¹: æç¤ºè¯æ¨¡æ¿ 3[0m
[32m2025-10-09 22:30:11.666[0m | [33m[1mWARNING [0m | [36mrunner.component_executor[0m:[36m_run_subprocess[0m:[36m173[0m - [33m[1må­è¿›ç¨‹ stderr:
[32m2025-10-09 22:30:11.619[0m | [1mINFO    [0m | [36m__main__[0m:[36minfo[0m:[36m26[0m - [1m{'variables': {'text': 'æˆ‘ç°åœ¨è¦åšä¸€ä¸ªéšæœºæ£®æ—é¢„æµ‹æ¨¡å‹ç»„ä»¶ï¼Œè¾“å…¥æ•°æ®åˆ†åˆ«æ˜¯featureçš„csvä»¥åŠtargetçš„csvï¼Œè¾“å‡ºä¸ºé¢„æµ‹ç»“æœä»¥åŠæ¨¡å‹æ–‡ä»¶ã€‚'}}[0m
[32m2025-10-09 22:30:11.620[0m | [1mINFO    [0m | [36m__main__[0m:[36minfo[0m:[36m26[0m - [1m##  ä»»åŠ¡
æ ¹æ®æˆ‘çš„ç»„ä»¶è¾“å…¥ã€è¾“å‡ºã€èŠ‚ç‚¹å‚æ•°å®šä¹‰ä»¥åŠæˆ‘çš„æ ·ä¾‹ä»£ç ã€éœ€æ±‚ç­‰ä¿¡æ¯è‡ªåŠ¨ç”Ÿæˆå®Œæ•´çš„pythonç»„ä»¶ä»£ç 

## ç»„ä»¶è¾“å…¥è¾“å‡ºå‚æ•°å®šä¹‰ä»£ç 
class ArgumentType(str, Enum):
    """å‚æ•°ç±»å‹"""
    TEXT = "æ–‡æœ¬"
    INT = "æ•´æ•°"
    FLOAT = "æµ®ç‚¹æ•°"
    BOOL = "å¸ƒå°”å€¼"
    ARRAY = "åˆ—è¡¨"
    CSV = "csv"
    JSON = "json"
    EXCEL = "excel"
    FILE = "æ–‡ä»¶"
    UPLOAD = "ä¸Šä¼ "
    SKLEARNMODEL = "sklearnæ¨¡å‹"
    TORCHMODEL = "torchæ¨¡å‹"
    IMAGE = "å›¾ç‰‡"

class PortDefinition(BaseModel):
    """ç«¯å£å®šä¹‰"""
    name: str
    label: str
    type: ArgumentType = ArgumentType.TEXT

## ç»„ä»¶å±æ€§å‚æ•°å®šä¹‰ä»£ç 
class PropertyType(str, Enum):
    """å±æ€§ç±»å‹"""
    TEXT = "æ–‡æœ¬"
    LONGTEXT = "é•¿æ–‡æœ¬"
    INT = "æ•´æ•°"
    FLOAT = "æµ®ç‚¹æ•°"
    RANGE = "èŒƒå›´"
    BOOL = "å¤é€‰æ¡†"
    CHOICE = "ä¸‹æ‹‰æ¡†"
    DYNAMICFORM = "åŠ¨æ€è¡¨å•"


class PropertyDefinition(BaseModel):
    """å±æ€§å®šä¹‰"""
    type: PropertyType = PropertyType.TEXT
    default: Any = ""
    label: str = ""
    choices: List[str] = Field(default_factory=list)
    filter: str = "All Files (*)"  # ç”¨äºæ–‡ä»¶ç±»å‹è¿‡æ»¤
    schema: Optional[Dict[str, 'PropertyDefinition']] = Field(default=None)  # è¡¨å•å†…æ¯ä¸ªå­—æ®µçš„å®šä¹‰
    min: float = Field(default=0.0, description="æœ€å°å€¼")
    max: float = Field(default=100.0, description="æœ€å¤§å€¼")
    step: float = Field(default=1.0, description="æ­¥é•¿")

    class Config:
        # å…è®¸é€’å½’å¼•ç”¨
        arbitrary_types_allowed = True

## æˆ‘çš„ç»„ä»¶æ ·ä¾‹ä»£ç 
class Component(BaseComponent):
    name = "æç¤ºè¯æ¨¡æ¿"
    category = "å¤§æ¨¡å‹ç»„ä»¶"
    description = ""
    requirements = ""

    inputs = [
        PortDefinition(name="variables", label="å˜é‡å­—å…¸", type=ArgumentType.JSON),
    ]
    outputs = [
        PortDefinition(name="prompt", label="ç”Ÿæˆçš„æç¤ºè¯", type=ArgumentType.TEXT),
    ]

    properties = {
        "template": PropertyDefinition(
            type=PropertyType.LONGTEXT,
            default="""ä½ å¥½ï¼Œ{{name}}ï¼ä»Šå¤©æ˜¯{{day}}ã€‚""",
            label="æç¤ºè¯æ¨¡æ¿",
        ),
    }

    def run(self, params, inputs = None):
        import re
        self.logger.info(inputs)
        template = params.get("template", "")
        variables = inputs.get("variables", {}) if inputs else {}

        if isinstance(variables, str):
            import json
            try:
                variables = json.loads(variables)
            except:
                variables = {}

        # æ›¿æ¢ {{key}} ä¸ºå˜é‡å€¼
        def replace_match(match):
            key = match.group(1)
            return str(variables.get(key, match.group(0)))

        prompt = re.sub(r"\{\{(\w+)\}\}", replace_match, template)
        self.logger.info(prompt)
        
        return {"prompt": prompt}

## æˆ‘çš„ç»„ä»¶å¼€å‘éœ€æ±‚
æˆ‘ç°åœ¨è¦åšä¸€ä¸ªéšæœºæ£®æ—é¢„æµ‹æ¨¡å‹ç»„ä»¶ï¼Œè¾“å…¥æ•°æ®åˆ†åˆ«æ˜¯featureçš„csvä»¥åŠtargetçš„csvï¼Œè¾“å‡ºä¸ºé¢„æµ‹ç»“æœä»¥åŠæ¨¡å‹æ–‡ä»¶ã€‚

## ä»£ç è¾“å‡ºè¦æ±‚
è¾“å‡ºä»£ç ä¸éœ€è¦åŒ…å«è¾“å…¥ã€è¾“å‡ºä»¥åŠå±æ€§å‚æ•°å®šä¹‰ä»£ç ï¼Œè¿™éƒ¨åˆ†å·²ç»å†™å¥½äº†ï¼ŒåŒæ—¶ç¬¬ä¸‰æ–¹å·¥å…·åŒ…å¯¼å…¥æ—¶åªèƒ½åœ¨å‡½æ•°å†…å¯¼å…¥ï¼Œä¸èƒ½åœ¨æ–‡ä»¶å¼€å¤´å¯¼å…¥ï¼Œä¸è¦å¼•å…¥Dictï¼ŒListè¿™äº›å‚æ•°æ ¼å¼å®šä¹‰ã€‚

## ç”Ÿæˆçš„ç»„ä»¶ä»£ç 
[0m
[32m2025-10-09 22:30:11.620[0m | [32m[1mSUCCESS [0m | [36m__main__[0m:[36msuccess[0m:[36m27[0m - [32m[1mæ‰§è¡Œå®Œæˆ[0m
[0m
[32m2025-10-09 22:30:11.672[0m | [1mINFO    [0m | [36mrunner.workflow_runner[0m:[36mexecute_workflow[0m:[36m139[0m - [1mæ‰§è¡ŒèŠ‚ç‚¹: å¤§æ¨¡å‹å¯¹è¯ 3[0m
[32m2025-10-09 22:32:09.629[0m | [34m[1mDEBUG   [0m | [36mrunner.component_executor[0m:[36m_run_subprocess[0m:[36m171[0m - [34m[1må­è¿›ç¨‹ stdout:
EXECUTION_ERROR: ç»„ä»¶æ‰§è¡Œå¤±è´¥: Traceback (most recent call last):
  File "D:\work\WorkFlowGUI\projects\ç»„ä»¶ä»£ç ç”Ÿæˆæµç¨‹\components\base.py", line 484, in execute
    result = self.run(validated_params, validated_inputs)
             ^^^^^^^^^^^^^^^^^^^^^^^^^^^^^^^^^^^^^^^^^^^^
  File "D:\work\WorkFlowGUI\projects\ç»„ä»¶ä»£ç ç”Ÿæˆæµç¨‹\components\å¤§æ¨¡å‹ç»„ä»¶\69e6607e-fce9-495e-adde-bc5d7f8d27d1.py", line 164, in run
    raise e
  File "D:\work\WorkFlowGUI\projects\ç»„ä»¶ä»£ç ç”Ÿæˆæµç¨‹\components\å¤§æ¨¡å‹ç»„ä»¶\69e6607e-fce9-495e-adde-bc5d7f8d27d1.py", line 138, in run
    response = client.chat.completions.create(
               ^^^^^^^^^^^^^^^^^^^^^^^^^^^^^^^
  File "D:\work\WorkFlowGUI\envs\miniconda\envs\3.11\Lib\site-packages\openai\_utils\_utils.py", line 286, in wrapper
    return func(*args, **kwargs)
           ^^^^^^^^^^^^^^^^^^^^^
  File "D:\work\WorkFlowGUI\envs\miniconda\envs\3.11\Lib\site-packages\openai\resources\chat\completions\completions.py", line 1147, in create
    return self._post(
           ^^^^^^^^^^^
  File "D:\work\WorkFlowGUI\envs\miniconda\envs\3.11\Lib\site-packages\openai\_base_client.py", line 1259, in post
    return cast(ResponseT, self.request(cast_to, opts, stream=stream, stream_cls=stream_cls))
                           ^^^^^^^^^^^^^^^^^^^^^^^^^^^^^^^^^^^^^^^^^^^^^^^^^^^^^^^^^^^^^^^^^
  File "D:\work\WorkFlowGUI\envs\miniconda\envs\3.11\Lib\site-packages\openai\_base_client.py", line 1047, in request
    raise self._make_status_error_from_response(err.response) from None
openai.InternalServerError: Error code: 503

[0m
[32m2025-10-09 22:32:09.642[0m | [31m[1mERROR   [0m | [36mrunner.workflow_runner[0m:[36mexecute_workflow[0m:[36m149[0m - [31m[1mèŠ‚ç‚¹æ‰§è¡Œå¤±è´¥ å¤§æ¨¡å‹å¯¹è¯ 3: ç»„ä»¶æ‰§è¡Œå¤±è´¥: ç»„ä»¶æ‰§è¡Œå¤±è´¥: Traceback (most recent call last):
  File "D:\work\WorkFlowGUI\projects\ç»„ä»¶ä»£ç ç”Ÿæˆæµç¨‹\components\base.py", line 484, in execute
    result = self.run(validated_params, validated_inputs)
             ^^^^^^^^^^^^^^^^^^^^^^^^^^^^^^^^^^^^^^^^^^^^
  File "D:\work\WorkFlowGUI\projects\ç»„ä»¶ä»£ç ç”Ÿæˆæµç¨‹\components\å¤§æ¨¡å‹ç»„ä»¶\69e6607e-fce9-495e-adde-bc5d7f8d27d1.py", line 164, in run
    raise e
  File "D:\work\WorkFlowGUI\projects\ç»„ä»¶ä»£ç ç”Ÿæˆæµç¨‹\components\å¤§æ¨¡å‹ç»„ä»¶\69e6607e-fce9-495e-adde-bc5d7f8d27d1.py", line 138, in run
    response = client.chat.completions.create(
               ^^^^^^^^^^^^^^^^^^^^^^^^^^^^^^^
  File "D:\work\WorkFlowGUI\envs\miniconda\envs\3.11\Lib\site-packages\openai\_utils\_utils.py", line 286, in wrapper
    return func(*args, **kwargs)
           ^^^^^^^^^^^^^^^^^^^^^
  File "D:\work\WorkFlowGUI\envs\miniconda\envs\3.11\Lib\site-packages\openai\resources\chat\completions\completions.py", line 1147, in create
    return self._post(
           ^^^^^^^^^^^
  File "D:\work\WorkFlowGUI\envs\miniconda\envs\3.11\Lib\site-packages\openai\_base_client.py", line 1259, in post
    return cast(ResponseT, self.request(cast_to, opts, stream=stream, stream_cls=stream_cls))
                           ^^^^^^^^^^^^^^^^^^^^^^^^^^^^^^^^^^^^^^^^^^^^^^^^^^^^^^^^^^^^^^^^^
  File "D:\work\WorkFlowGUI\envs\miniconda\envs\3.11\Lib\site-packages\openai\_base_client.py", line 1047, in request
    raise self._make_status_error_from_response(err.response) from None
openai.InternalServerError: Error code: 503

Traceback (most recent call last):
  File "D:\work\WorkFlowGUI\projects\ç»„ä»¶ä»£ç ç”Ÿæˆæµç¨‹\components\base.py", line 484, in execute
    result = self.run(validated_params, validated_inputs)
             ^^^^^^^^^^^^^^^^^^^^^^^^^^^^^^^^^^^^^^^^^^^^
  File "D:\work\WorkFlowGUI\projects\ç»„ä»¶ä»£ç ç”Ÿæˆæµç¨‹\components\å¤§æ¨¡å‹ç»„ä»¶\69e6607e-fce9-495e-adde-bc5d7f8d27d1.py", line 164, in run
    raise e
  File "D:\work\WorkFlowGUI\projects\ç»„ä»¶ä»£ç ç”Ÿæˆæµç¨‹\components\å¤§æ¨¡å‹ç»„ä»¶\69e6607e-fce9-495e-adde-bc5d7f8d27d1.py", line 138, in run
    response = client.chat.completions.create(
               ^^^^^^^^^^^^^^^^^^^^^^^^^^^^^^^
  File "D:\work\WorkFlowGUI\envs\miniconda\envs\3.11\Lib\site-packages\openai\_utils\_utils.py", line 286, in wrapper
    return func(*args, **kwargs)
           ^^^^^^^^^^^^^^^^^^^^^
  File "D:\work\WorkFlowGUI\envs\miniconda\envs\3.11\Lib\site-packages\openai\resources\chat\completions\completions.py", line 1147, in create
    return self._post(
           ^^^^^^^^^^^
  File "D:\work\WorkFlowGUI\envs\miniconda\envs\3.11\Lib\site-packages\openai\_base_client.py", line 1259, in post
    return cast(ResponseT, self.request(cast_to, opts, stream=stream, stream_cls=stream_cls))
                           ^^^^^^^^^^^^^^^^^^^^^^^^^^^^^^^^^^^^^^^^^^^^^^^^^^^^^^^^^^^^^^^^^
  File "D:\work\WorkFlowGUI\envs\miniconda\envs\3.11\Lib\site-packages\openai\_base_client.py", line 1047, in request
    raise self._make_status_error_from_response(err.response) from None
openai.InternalServerError: Error code: 503

During handling of the above exception, another exception occurred:

Traceback (most recent call last):
  File "C:\Users\black\AppData\Local\Temp\tmp7tn0_ptc.py", line 43, in <module>
    output = comp_instance.execute(params, inputs)
             ^^^^^^^^^^^^^^^^^^^^^^^^^^^^^^^^^^^^^
  File "D:\work\WorkFlowGUI\projects\ç»„ä»¶ä»£ç ç”Ÿæˆæµç¨‹\components\base.py", line 509, in execute
    raise ComponentError(error_msg, "EXECUTION_ERROR")
base.ComponentError: ç»„ä»¶æ‰§è¡Œå¤±è´¥: Traceback (most recent call last):
  File "D:\work\WorkFlowGUI\projects\ç»„ä»¶ä»£ç ç”Ÿæˆæµç¨‹\components\base.py", line 484, in execute
    result = self.run(validated_params, validated_inputs)
             ^^^^^^^^^^^^^^^^^^^^^^^^^^^^^^^^^^^^^^^^^^^^
  File "D:\work\WorkFlowGUI\projects\ç»„ä»¶ä»£ç ç”Ÿæˆæµç¨‹\components\å¤§æ¨¡å‹ç»„ä»¶\69e6607e-fce9-495e-adde-bc5d7f8d27d1.py", line 164, in run
    raise e
  File "D:\work\WorkFlowGUI\projects\ç»„ä»¶ä»£ç ç”Ÿæˆæµç¨‹\components\å¤§æ¨¡å‹ç»„ä»¶\69e6607e-fce9-495e-adde-bc5d7f8d27d1.py", line 138, in run
    response = client.chat.completions.create(
               ^^^^^^^^^^^^^^^^^^^^^^^^^^^^^^^
  File "D:\work\WorkFlowGUI\envs\miniconda\envs\3.11\Lib\site-packages\openai\_utils\_utils.py", line 286, in wrapper
    return func(*args, **kwargs)
           ^^^^^^^^^^^^^^^^^^^^^
  File "D:\work\WorkFlowGUI\envs\miniconda\envs\3.11\Lib\site-packages\openai\resources\chat\completions\completions.py", line 1147, in create
    return self._post(
           ^^^^^^^^^^^
  File "D:\work\WorkFlowGUI\envs\miniconda\envs\3.11\Lib\site-packages\openai\_base_client.py", line 1259, in post
    return cast(ResponseT, self.request(cast_to, opts, stream=stream, stream_cls=stream_cls))
                           ^^^^^^^^^^^^^^^^^^^^^^^^^^^^^^^^^^^^^^^^^^^^^^^^^^^^^^^^^^^^^^^^^
  File "D:\work\WorkFlowGUI\envs\miniconda\envs\3.11\Lib\site-packages\openai\_base_client.py", line 1047, in request
    raise self._make_status_error_from_response(err.response) from None
openai.InternalServerError: Error code: 503

[0m
[32m2025-10-09 22:32:09.643[0m | [31m[1mERROR   [0m | [36mrunner.workflow_runner[0m:[36mexecute_workflow[0m:[36m151[0m - [31m[1mTraceback (most recent call last):
  File "D:\work\WorkFlowGUI\projects\ç»„ä»¶ä»£ç ç”Ÿæˆæµç¨‹\runner\workflow_runner.py", line 140, in execute_workflow
    output = run_component_in_subprocess(
             ^^^^^^^^^^^^^^^^^^^^^^^^^^^^
  File "D:\work\WorkFlowGUI\projects\ç»„ä»¶ä»£ç ç”Ÿæˆæµç¨‹\runner\component_executor.py", line 82, in run_component_in_subprocess
    raise RuntimeError(f"ç»„ä»¶æ‰§è¡Œå¤±è´¥: {error_info['error']}\n{error_info['traceback']}")
RuntimeError: ç»„ä»¶æ‰§è¡Œå¤±è´¥: ç»„ä»¶æ‰§è¡Œå¤±è´¥: Traceback (most recent call last):
  File "D:\work\WorkFlowGUI\projects\ç»„ä»¶ä»£ç ç”Ÿæˆæµç¨‹\components\base.py", line 484, in execute
    result = self.run(validated_params, validated_inputs)
             ^^^^^^^^^^^^^^^^^^^^^^^^^^^^^^^^^^^^^^^^^^^^
  File "D:\work\WorkFlowGUI\projects\ç»„ä»¶ä»£ç ç”Ÿæˆæµç¨‹\components\å¤§æ¨¡å‹ç»„ä»¶\69e6607e-fce9-495e-adde-bc5d7f8d27d1.py", line 164, in run
    raise e
  File "D:\work\WorkFlowGUI\projects\ç»„ä»¶ä»£ç ç”Ÿæˆæµç¨‹\components\å¤§æ¨¡å‹ç»„ä»¶\69e6607e-fce9-495e-adde-bc5d7f8d27d1.py", line 138, in run
    response = client.chat.completions.create(
               ^^^^^^^^^^^^^^^^^^^^^^^^^^^^^^^
  File "D:\work\WorkFlowGUI\envs\miniconda\envs\3.11\Lib\site-packages\openai\_utils\_utils.py", line 286, in wrapper
    return func(*args, **kwargs)
           ^^^^^^^^^^^^^^^^^^^^^
  File "D:\work\WorkFlowGUI\envs\miniconda\envs\3.11\Lib\site-packages\openai\resources\chat\completions\completions.py", line 1147, in create
    return self._post(
           ^^^^^^^^^^^
  File "D:\work\WorkFlowGUI\envs\miniconda\envs\3.11\Lib\site-packages\openai\_base_client.py", line 1259, in post
    return cast(ResponseT, self.request(cast_to, opts, stream=stream, stream_cls=stream_cls))
                           ^^^^^^^^^^^^^^^^^^^^^^^^^^^^^^^^^^^^^^^^^^^^^^^^^^^^^^^^^^^^^^^^^
  File "D:\work\WorkFlowGUI\envs\miniconda\envs\3.11\Lib\site-packages\openai\_base_client.py", line 1047, in request
    raise self._make_status_error_from_response(err.response) from None
openai.InternalServerError: Error code: 503

Traceback (most recent call last):
  File "D:\work\WorkFlowGUI\projects\ç»„ä»¶ä»£ç ç”Ÿæˆæµç¨‹\components\base.py", line 484, in execute
    result = self.run(validated_params, validated_inputs)
             ^^^^^^^^^^^^^^^^^^^^^^^^^^^^^^^^^^^^^^^^^^^^
  File "D:\work\WorkFlowGUI\projects\ç»„ä»¶ä»£ç ç”Ÿæˆæµç¨‹\components\å¤§æ¨¡å‹ç»„ä»¶\69e6607e-fce9-495e-adde-bc5d7f8d27d1.py", line 164, in run
    raise e
  File "D:\work\WorkFlowGUI\projects\ç»„ä»¶ä»£ç ç”Ÿæˆæµç¨‹\components\å¤§æ¨¡å‹ç»„ä»¶\69e6607e-fce9-495e-adde-bc5d7f8d27d1.py", line 138, in run
    response = client.chat.completions.create(
               ^^^^^^^^^^^^^^^^^^^^^^^^^^^^^^^
  File "D:\work\WorkFlowGUI\envs\miniconda\envs\3.11\Lib\site-packages\openai\_utils\_utils.py", line 286, in wrapper
    return func(*args, **kwargs)
           ^^^^^^^^^^^^^^^^^^^^^
  File "D:\work\WorkFlowGUI\envs\miniconda\envs\3.11\Lib\site-packages\openai\resources\chat\completions\completions.py", line 1147, in create
    return self._post(
           ^^^^^^^^^^^
  File "D:\work\WorkFlowGUI\envs\miniconda\envs\3.11\Lib\site-packages\openai\_base_client.py", line 1259, in post
    return cast(ResponseT, self.request(cast_to, opts, stream=stream, stream_cls=stream_cls))
                           ^^^^^^^^^^^^^^^^^^^^^^^^^^^^^^^^^^^^^^^^^^^^^^^^^^^^^^^^^^^^^^^^^
  File "D:\work\WorkFlowGUI\envs\miniconda\envs\3.11\Lib\site-packages\openai\_base_client.py", line 1047, in request
    raise self._make_status_error_from_response(err.response) from None
openai.InternalServerError: Error code: 503

During handling of the above exception, another exception occurred:

Traceback (most recent call last):
  File "C:\Users\black\AppData\Local\Temp\tmp7tn0_ptc.py", line 43, in <module>
    output = comp_instance.execute(params, inputs)
             ^^^^^^^^^^^^^^^^^^^^^^^^^^^^^^^^^^^^^
  File "D:\work\WorkFlowGUI\projects\ç»„ä»¶ä»£ç ç”Ÿæˆæµç¨‹\components\base.py", line 509, in execute
    raise ComponentError(error_msg, "EXECUTION_ERROR")
base.ComponentError: ç»„ä»¶æ‰§è¡Œå¤±è´¥: Traceback (most recent call last):
  File "D:\work\WorkFlowGUI\projects\ç»„ä»¶ä»£ç ç”Ÿæˆæµç¨‹\components\base.py", line 484, in execute
    result = self.run(validated_params, validated_inputs)
             ^^^^^^^^^^^^^^^^^^^^^^^^^^^^^^^^^^^^^^^^^^^^
  File "D:\work\WorkFlowGUI\projects\ç»„ä»¶ä»£ç ç”Ÿæˆæµç¨‹\components\å¤§æ¨¡å‹ç»„ä»¶\69e6607e-fce9-495e-adde-bc5d7f8d27d1.py", line 164, in run
    raise e
  File "D:\work\WorkFlowGUI\projects\ç»„ä»¶ä»£ç ç”Ÿæˆæµç¨‹\components\å¤§æ¨¡å‹ç»„ä»¶\69e6607e-fce9-495e-adde-bc5d7f8d27d1.py", line 138, in run
    response = client.chat.completions.create(
               ^^^^^^^^^^^^^^^^^^^^^^^^^^^^^^^
  File "D:\work\WorkFlowGUI\envs\miniconda\envs\3.11\Lib\site-packages\openai\_utils\_utils.py", line 286, in wrapper
    return func(*args, **kwargs)
           ^^^^^^^^^^^^^^^^^^^^^
  File "D:\work\WorkFlowGUI\envs\miniconda\envs\3.11\Lib\site-packages\openai\resources\chat\completions\completions.py", line 1147, in create
    return self._post(
           ^^^^^^^^^^^
  File "D:\work\WorkFlowGUI\envs\miniconda\envs\3.11\Lib\site-packages\openai\_base_client.py", line 1259, in post
    return cast(ResponseT, self.request(cast_to, opts, stream=stream, stream_cls=stream_cls))
                           ^^^^^^^^^^^^^^^^^^^^^^^^^^^^^^^^^^^^^^^^^^^^^^^^^^^^^^^^^^^^^^^^^
  File "D:\work\WorkFlowGUI\envs\miniconda\envs\3.11\Lib\site-packages\openai\_base_client.py", line 1047, in request
    raise self._make_status_error_from_response(err.response) from None
openai.InternalServerError: Error code: 503


[0m
[32m2025-10-09 22:32:09.643[0m | [1mINFO    [0m | [36m__main__[0m:[36m<module>[0m:[36m15[0m - [1mæ¨¡å‹æ‰§è¡Œå®Œæˆï¼Œè¾“å‡º:[0m
[32m2025-10-09 22:32:09.643[0m | [1mINFO    [0m | [36m__main__[0m:[36m<module>[0m:[36m17[0m - [1m  response: None[0m
